// Jest Snapshot v1, https://goo.gl/fbAQLP

exports[`render correctly Tree component 1`] = `
<div>
  
  <span>
    root
  </span>
  <input
    onChange={[Function]}
    type="text"
    value=""
  />
  <button
    className="addButton"
    onClick={[Function]}
  >
    +
  </button>
  <button
    className="changeButton"
    onClick={[Function]}
  >
    save
  </button>
</div>
`;
